{"synthetic": false,
 "schemaVersion": "2025-09-10",
 "outputs":
 {"o": ["ad3fdb2bf68ea864.olean"],
  "m": false,
  "i": "0bfa2bc432bf5853.ilean",
  "c": "6c7a138d46c39bbb.c"},
 "log":
 [{"message":
   ".> LEAN_PATH=/workspaces/CNS/.lake/packages/Cli/.lake/build/lib/lean:/workspaces/CNS/.lake/packages/batteries/.lake/build/lib/lean:/workspaces/CNS/.lake/packages/Qq/.lake/build/lib/lean:/workspaces/CNS/.lake/packages/aesop/.lake/build/lib/lean:/workspaces/CNS/.lake/packages/proofwidgets/.lake/build/lib/lean:/workspaces/CNS/.lake/packages/importGraph/.lake/build/lib/lean:/workspaces/CNS/.lake/packages/LeanSearchClient/.lake/build/lib/lean:/workspaces/CNS/.lake/packages/plausible/.lake/build/lib/lean:/workspaces/CNS/.lake/packages/mathlib/.lake/build/lib/lean:/workspaces/CNS/.lake/build/lib/lean /home/codespace/.elan/toolchains/leanprover--lean4---v4.32.0/bin/lean /workspaces/CNS/CNS/Basic.lean -o /workspaces/CNS/.lake/build/lib/lean/CNS/Basic.olean -i /workspaces/CNS/.lake/build/lib/lean/CNS/Basic.ilean -c /workspaces/CNS/.lake/build/ir/CNS/Basic.c --setup /workspaces/CNS/.lake/build/ir/CNS/Basic.setup.json --json",
   "level": "trace"},
  {"message": "CNS/Basic.lean:123:0: some 1.000000", "level": "info"},
  {"message": "CNS/Basic.lean:124:0: some 0.500000", "level": "info"},
  {"message": "CNS/Basic.lean:125:0: some inf", "level": "info"},
  {"message": "CNS/Basic.lean:126:0: some 89.900495", "level": "info"},
  {"message": "CNS/Basic.lean:127:0: some 1.618034", "level": "info"},
  {"message": "CNS/Basic.lean:136:0: some 650.000000", "level": "info"},
  {"message": "CNS/Basic.lean:149:0: some 50.000000", "level": "info"}],
 "inputs":
 [["CNS.Basic:deps",
   [["deps",
     [["cns/CNS:extraDep", [["@cns:extraDep", "00000000000006bb"]]],
      ["imports", "00000000000006bb"]]],
    ["libs",
     [["import dynlibs", "00000000000006bb"],
      ["package external libraries", "00000000000006bb"],
      ["module dynlibs", "00000000000006bb"],
      ["module plugins", "00000000000006bb"]]]]],
  ["Lean 4.32.0, commit 8c9756b28d64dab099da31a4c09229a9e6a2ef35",
   "5d4a267a1ba5cafb"],
  ["/workspaces/CNS/CNS/Basic.lean", "7e0a290a8d0abf40"],
  ["options", "00000000000006bb"],
  ["isModule: false", "feefd2a0d3a1847e"],
  ["Module.name: CNS.Basic", "36e27e05f575a30a"],
  ["Package.id?: (some cns)", "5a07ca73f59bac71"],
  ["Module.leanArgs: #[]", "00000000000006bb"]],
 "depHash": "282f37336ff6f9a8"}